### BTest baseline data generated by btest-diff. Do not edit. Use "btest -U/-u" to update. Requires BTest >= 0.63.
### NOTE: This file has been sorted with diff-sort.
facefish_rootkit_message F[orig_h=192.168.2.20, orig_p=43450/tcp, resp_h=176.111.174.26, resp_p=443/tcp][payload_len=24, command=513, crc32_payload=707025536, payload=*\xf3\x9dj\x08\x14D)\xffz\xb2\x15\xeb\xf8\xa6\x13X7O\x84\x9e\x17\x87\x0d]
facefish_rootkit_message T[orig_h=192.168.2.20, orig_p=43450/tcp, resp_h=176.111.174.26, resp_p=443/tcp][payload_len=0, command=512, crc32_payload=0, payload=]
facefish_rootkit_message T[orig_h=192.168.2.20, orig_p=43450/tcp, resp_h=176.111.174.26, resp_p=443/tcp][payload_len=4272, command=773, crc32_payload=2325026424, payload=\x06;\xa5\x08\xcb\xa5H.jG\xf1\x1e\x02C\xdb\x0d\xea\x16\xaf\xbb3[\x1a5\xc1\x09|C\xabRtY\x88\xd6u\x91\x01u\x9e%t\xd9\x04\x90\x98\xae\xe0g\x1f\xccS\xd7]\xb2\x0a\x94|)P\xf2\xdc\xe9\xc1\xb9ZV8S\x89D\x1er\x12/\xb3\xba\x16\xf4\xb0\xd3\xf8\x1a\\x89\xab\x9fk\x94|\xa1\xe8A\xce\xe2S\x83J\x0a\xb9\x09\x9a\xd7\x1a.\xe2\x15\x12\xf7\xbc9\x92\xd3\xa8\xc2\x07\xadC\x03\x18z\xd2l&\xed1\xd1d\x87\x98\x00\x16\xe9\x9d\xfd\x1e\x12\x9a \xb4N\xfa\xfdv\x12}l\xc2\x1c\xe4\xcf\xc0:4\x01\xbe)\x0c\xf3A\x11\x83\xf3_\xfaZS~\xa0\x1f\xd6n\x7f\xc6I\x04S\xfa\x83\xd9\xe61E\x10\xc8\xf8\x8a\xce6\x86\x05\x0e\x96\xe3\xdc\xb4\xcc\x974~K\x09.\xd3\xa6d\xd8a\x85\x87\xc5\x96\xde\xe8k\xf5\x1e\x1e\x04_\xf4$\x80\xe5\xe0\\x06\2\x0fH\xd2]\x11\x0e\xbe\x91\xae+[$\x9a-\x18\x01Q\x04ZT\xfd\xdbG\xe8\x8d\x14\xad\xb2\xae@\xd7&\xdcK\xfc\x84\x9b\xf5SA\xaca\xe6=\x91?"\xb4i\xb0u*\xf8\x96HY\xccT\xa8?\xb4\xe4\x13*\xa7\x9a}\xa9\x15E\x09l\xde\x81'\w\x07\x89\xa1\x01d\xf1;\xa7\xff\x8e\xdaX\x11S\xba\x09\xee#s\x9ao\x86\x95\xdf\xc7=L\xf9\x1c\x91w\x85\x1e\xe6\x0f\xcf\x1b\xd9\xcfzL\xd7\x0d^]\xd8\x86U\x0f\xcb\x0a\xe5\xa9\xd0r{"\xbf\xae\x14\x18\xb8\x9f\xf0\xdc8m\xfb*\xce\xaf\xe0#\xe7\x06\xab)\xe5\xa3\x080\x14CT\x9azN\x8d\xd5f\x92\x10X\xe1o\xd9\xeaM\xac)#X\xc9\xa6\xbb\xd0\x1a\x00.\x86\x1a]\xaf\x99>E\xb0k\xa8v\xdbv\x8c\xb24V\x07\xd9\x89\x009\xc5\xa3\x01n\xd4\x11\x86{\xad\xed\xa6\x89\xb4Q\x0d\x10=\x0a\xadE\x181\xea\x83\x04W&#[Q\xca5\x85\xd4r\x03\x11\x17\x9a\xffzD\xc5{\xb1\xbf$K`~\xd6\xb23\x1f\x1c\x83\xae\xea\xedp\xf9\xc6!v.\x96r\x980Y(\xd6\xe7'\x83"1\xe6\x96Vt\x13\x87'j\x93\xf4\xfc\x1b<\x9fQ\xa0c\xc0\xcc\xc7\x00\x15M\xddt\x95'p\xddw\xab8L-\x99\xbd\x1c\xca\xfblS\x93\x04\xf1uv\xf8\x9d\xb9jx:\x80\x09*n\xad\x07\x9d\xadJ\x17\xf8\xfdexpE\x02wi\x97\x0c\xf6\xb31\x0e.\x08\xffeB\x87I4[q-\x9b\xffm\x13\xee\xeb\xf7J\xbd\x9e[3\x12\xfe\xb4\x18{}s\x84.\x90\xc3K\xb6\xc4\xfdL\xa9#`\x0dF\xbfE\x9b\x9c\xb7;\x1br\x80\xdf\x09\x1fP\xa44\x10\xbc\xcf\x19\x9b\xa9a\xa5_\x05\x01\x92\xe2\xee[\x1b\xdc\x19\xc7\x05\xf8`\xf9m\x11\x1a?2\xe7(i\xa8'\xd6\x8f:v\xc3\xae\xa56\xff\x94\xc8b+\xe0\xe9\xe5=\xa0q9\xa8\x98\x94\x15MbM\xeeK\xbd$D\x1e\xa4\xf7\xd75:kJ\x82\x82\xf9~P\x9f\x14\xe7\x85\xd49%Ci\xd3\x97\xe7\xa9\xe0j)\x91\xb4"\xc0\xe8\xa8\x1c\xd2\x86\xffB\x0d}\xc5#.\x8b\xfd\xca\x9a\xee\x83\x12\x0f\xc1\xf0m\x94\xef\xbc\x84\x05!\xafA\x86]\xdd!=\x1a8^\xce\x0f\x93@\xeb\xeer\xc2\xa4\x8c\xb9\x8e\x16\xd6+\x9f\x19\xce\x9b\xc4\xa0\x87tQ\x03\xa0\xdb\xb6j\xa7\xcb\xadh\xad\x99v\xb8n\xf8\xf5}\xe6\xa7\xac\xe7_\xdbaS}J\xa2\xcf\x8e\x8d{\xc2\xed\xe5?\xae\xd7\x96"\xd8\xa5\xb3\xd6\x1c\x01\xf7\x026\xe5\x1b\x82\xdd\x9bY\x12h\xbe\xb0\x1aFB]\xb5\x80\xf9\xfe\x10V\xfdYq\xb4.\xbe\xaf\xa5t\xa15\x9d\xde\x97\xa0y\xef\xa1\xad\x1a\x05\x8a\xc7\xb9\x7f7=\xd5h\x82x\x1f\x07\x97\x91\xe7\x12\x05\x88\x15\xe4\xe2\xceoq\x0c\xd6\xce*\xcfY\x09\xeb,\x9d\x13\x0aJ\xda:\xcd\xa30d\xe5\xe8p\x1e\x19S;\xae\xc6w\xb1\x17\x0aD\xefP\x86b\xf4E\x140\xdf\x86=\xfc?\x90\xc2\xf6\xf0~.\xc8\xcc\x9b\x169\x11F[rc\x02\x14\xe1\xac\xe3u\x8b\x0b(+\xcd\xaf\x03\xb3\x0f\xcb\xd6.\xdb\xaeN\x14\xe4\xcc\xf4\xe9\x88k\x02\xda\x1c\x09\xe3\x8f\xb4\x84\xd1\x86\x04Z\xd4%V\xdf\xd7\xf86\xbd6m9\xffI&\xf0\xa2\xdfTp\xbb\x1c\xa5\x9dH\xc0\xbe\xd5\xce\x86-\xc7\xe47\x8c\xb0\xdd\x8b\x09\xd7N\x95\x86\xc6\xe6\xe7\x00\x05\x906\xbc\x1d\xads\xf4IJ\x8f\xad\x13\x8e\xa7V\xb8\xda->\xe5\xb3\xb8L\xeb\x1b\x110\x0f\xb9\xabnO\xf2\x98\x83\x9dQ\xce^\xbc\x80\xd5\x0av\xdfbs\xba\xa2WI\x9d7\x95\xb0\xb1E\x9es\x92\xc2@\x8aX\xe0\x18J\xdb%q9\x8f\xdd2l\x17I\xb3/\x8b;WB\xadg\xe6\xfc\x1d\xdc\xfd\xa5l\x10\xae!\x0bq\x07\x8a\x86(S\xd4B\x0c\x02\xfd'\xa8\xab\x1bC\x9e\xcbd\x80\xfd\x9aP\x19y6h\x0d\xb6\xa6\x94\xe8\xe6\x1aC\xf0l4\xf3\x04\xdf\xc0:\x93\xd8lx\xdc\xb0=[W-S\xc6\xb2\x13\xa6J,\xa0\x83S\x89\xa9\x1c`\x09c\x055\xb3\x90+\xfe&wM\xe4\xcaM^\xc9P'\xe7\xbe)1"9\xc7\x7f\xb9\x18k\x8f\xb6-\x89\xdes6\x0dS\xa7f\xf6F7\xa0\xee\x81\xc0\xb5FP(\x18\x98\xd6\x92\xf1\x1d'\xbf\xfa\x8a\x06\x96\x1a\x86\xb6\xd0N\xe7\xd9\xe6\x8a2\x19lJ\xfeh\xb2\x8f/0\xa3|\xb8\xcf\x1bm)\xfb\xd1\xceD\xef\\x1e"\xa8\xe2\x98"\x0b\xdb\x89\x8fW\xda\xa7\xa3\xe4ncV\xf8\xf8\x8fl\xd5X\xb8\x94\x09\x9cV\xa2\xdaE\\xa6#&\x09\xb2\xef+e\xdb\xba\xcdV\xd01?n\x9bo\x83\xd4H\xdd\xa4I\x00\xac\x90\x01\xc5\xc5\xe2\x0c\xb6rz7\xae?\x88s\xdd\xb0\x03\xaa\x83\xfa\xb9m\x87\xf7\xb0\xe42\xb4L\x1a_\xa4\xa8B\x15u\x95\x86\xc2\xacw\x9b\xc9\xf5\xcf\xbd\x84.\xc2 \xa0\x1f\x8d\E\xab \x19\xd3:T\x13g9\xca\x88\xf6\x95\xa2\xa5\x86\x0ai\xc7\xef\x9b\x18<...>/C\xd5vU\xd4\xcb\xe5\x19\xb0\xac\x01t\xc8\x0c\x07\xcfD\xb1CW.\x8bwt:\x90\x03|\x0e\xbf\xd9\xb4\xdc\x98x\x8b\xfdY<\xa8}\xb9z9\xad\x99\xddqqm\xcf\g\xde\xabI\xe4\x15\x0a\xe6{\xba]u\xdci\xfb\x0b\xb9\xcf\x91\xac\x9f\xf8\xb5\xfb\x0d_?\xddY\xdd\xcc\xf3W\x0b\xc4\xceF\x1ayx\x09\xf9\xd3\x19LjN@\xb6'W\xd8!\xf5\x03\x98hT\x8c&]\xe5H\x91\xef\xbe\x00Q\xcbQc\x84\x12{\xef\xc1m\xec\xb4M\xb9\xf7\xb7\xc9\xc8P\xc5\x99\xd9`\xfe\xc2`r\x895wt)B\x8f\x1e<...>/\xb3\xa7\xdd\xab\xcc\x8e\x8e\x18w\xf98\x05\x939@OC\xf1\xba\xea\xb6\xa4p\xe2N\xb2C\xd9\xa5v\x8d\xd3|\x1bh \x097\xb6\xe3\xb4a\xd2\xfb"\xcf\x82\x88\x85\x91\x05u\xbe\xa8\xb6 \xf1z\xfa$\xf1\x95\xa3k\xe1\xa8\xd8\x9e\x97V\xb9\xa2'L\x86T&\x8a\xfe\x97 \xaeiB\xea\x94\x80|\x82\xfdk0D\x1b\xc0\xe3\xcf\xfc=\x1d\xbej\xe8G\xa7\x86\xf3\x98\x07\x0f\xa1\x15\xb3\xc3q\x17Zw9\xc4~0K7r\xa8\x12P\xf1\xab\xc4Msg\xd9\xe3\xa4p8\x01B_\x0e\xd4\xd3\xe9\x0d;F\xaa\xfd\xec\xfc\xa3\x1aL\x0f\x8d\xe0v\xa1\xc5JV\xe3\x01\xed\xef\xb7\x08#\xe6C\xd2Ae\x1b\x8eT\x8b\xf5\xc1pb\x85d\xee\x7f\xf4~\x07\xa3\xc0\xb8\x9b\xdd\xff\xb5\xbfM\xa4\xe6\xb4H\x9f\x91\xc3\xa4\x04\xb4J\xf9/\x07Q\x19\xb6\x8c:\xc1A\x831\x90]k0t} \xf5\xb2\xcc)5[\xbb;\xa3F\x89\xad\xd9\xdb\xdcmz\xc6\x7f\x8b\xe2\x86q\x81\xc7\xc9f\x06\xcc\xc3\x88\x8c\x1fL\xdcQ\xad+\xf5\x80\x04\x04[J\xd5kF\xb7t\x96#O\x8e\xfeV\x90\xc1d\xe2\xa0\x02\x82\xe6\x1c\x133w\x81-\x8f\x80X\xfb\x1b\xe6\x13\xd1\x8c\x9fa.^6\xdb\x17\x18\xe6\xf0\x87\xe7\x98\x86 5\xd2\xe2g\x05\x81\x06\x96~!\x8c\xf3M6\x00s\xd7{\xb8\xd5\x0c\xb9\x83\xc0e\x0a\xf9\x99:N\xbd_E\xa7)\xa2\xab\x14pH\x16@\x0ad\x0d\x91q\xc0\xc4\xebC\xbb\xa4\x9c\x92\x0dU\xf4\x97.ui\xa3jC\xe4\x1d\xbbOUe\x1e\xc6\x91I\xe0\xe7\xe7"\xff\xba\x19]\xceT\xb1\x18\x12\xf1\x1bEI\xc7\x86\xe9\xd3\xa6\xab\xa00\x84\xb2\x1a\xf5\x95\xef\xf3=\xe4`\x9f\xa0[\x87H\x80R\xe1\xe9\x80\xba\xf6\xbd\xccbJ\xa3\x85\xf6\xbc\xb7\x13\xb0R\xcf\xbd\xaf\xeb\x9c\x9a\xd6\x0b=\x01\xcf\xa4~\xcc4Zqe&7f\x0d\xe4\x09\xa7\xc4\xb0\x85\x08W|}\x07\x1a)\x0e\x09\x84\xb3\x8b\xed\xfd\xe1\xfdI%U\xff\xfc?\xdf\xe4+\xb3\xb3\xaf\xe7\xad\xea\xe1\x09\x19.\x10\xf8t\x80\x8c(m\x80gs&8,\x93~\xe0\xd5\xff.\xf9\xa1\x08r\x90\x14\xdaa\x94\xdb\x98\x06\xdbt1\x07u\x15pi\x018\x82\xb9g\x08\xb4\xaeT\x9c\x06\xed!/[_\xeb\x81\xb4P\xea\xdb\x80"B\xa07\xcf\x9d\x01h\x99E\xa7L\xcbh%\xa9\xd3\xf7-\xe2\xcf\xfc\x1e\x8f\x11\xf6k\x8d\x86\xc0\xa3v\xe9\x8f\x9cGP^\xdf\xfc\xf2Sm\xa0\x8c\x96\x17\xd2\xcfW\xd7yc\xaa\xd7\xc0t!u=\xb3hu\x15\xb3\xe6\xf1\x07\xd1`t\xb2,G+\x0f:A\x9b\x9f\xd5/\xa6l\xaa\x8e\x8f\xab\xa5\x1b"\x11k$\x1fN\xc1\xe3\x0b\xe8\xa4\xba\xf5\xd5\xf4\xdd\x90\x9f\xf5\x14\xa0K[\xea\x06u\xd9\xc9\xb9\xba\xef\xfa?s\xad\xac\xbb\x95-P\xf3\x01GR]w\x8c\xef\x1eN\xbcP\xd0\xe6\x12\x1c\xaa\xbb*&!\x03\xfc\x1e\xc9\xc0\xd8\xcf6\x9d\xa3A\xf2%}\x0c\xb9\xb4\xc5\x193\x14m%7I\x98r^:\x0f}k\xf63'\xe5\xad\xb0V\x10\xff}:;\xae>\xb1\xb7\xc8f\x08HDW\x97\xa4\xb6#}\x89\xf2\xed@E\xec\xcd@\xf5\xf3\xac\xd8\xb6\xbc\x9b\x93\xa4\xc0\xd3E\xee\xc5\xcd}\x07I\xbdr\xfb\x15\xc8\xd1\x88\xd9\xb9(~l\x01\xdd\x19\x17\x04\x8cJ{\x8a\xd7\x18B_T|\xee-8\xefWE\xce\xfd\xbf\x9c\xf2\xfbS\xb8\xad\x868\x94\x87\x01\xce\xec\x90\xaf\xc9\x9b\xed\xb5a\x04\x0cM\xc8\x89\x12g}\x87!Y\xac}\\x14SE\x14+\x90\xc8NL\xb4\xe4kY\xc9h\xf1\xd8\xfa\xe2O\xf3\xb3q_\xf0\xf4P\xb87\xac\xd2~\xf4\xcbg\x88\xdcn\xc2\xd6\x9a]x\x8f\xa2>\xaf\x07\x0f\xe0\xfbK\xcca\xeb\xaa\x8a\x99\xc7\xded\@(\x9b\xcc\x9c`\x08\x97Z\xec\xcfk\xb8\\x15\xbbL\x89\x1a\xb6\x94\xca-r\xc7\x17\x11\xd6M\xd0+\xd2U\xb8\x0a\x11O\x1f\xacQu\xd9>\x8cfNt\x82n\xb8Z[\xb2?\x1b&\xb1\x1e\xf0\x0dv\xfc)\xe6>\xfbp\xf2\xde\xb3=\xabFF\xbe\xfe([\xc3\x18\xdd\xa51{7\xab\xe4Q9\x1a\xd8Z oA\xef\x9d{\xc5\xc03\xca\x18[\xe6\xd9\x87\xea\x03]K\xb7<\x88\xf8\xdc\x90\xa4h\xf1\x89s-\xc7\x8aC\xae\xab/\x09\x88W\xde\x96[r\x97>\x17\xad\xa9\xdc\x9f\xdc\xf88\xca\xa5,G\x8b\xf5^\x8e.b\xac=\xa4\x01:\xbc\xeey(~\xb0\xca\xd4{\x13\x08\xa6W!\xf55\xda)x\xec\xae\xf8\xe8^\x09, 5\x17r\x09C\x84\x9c\x02\x84n^5[B]\xfeT\xa8?\xd8\x03q\xb6w\xd7\xb7R\x05\Iu%}\xfa!w\x84\xc0\x99\x8d\xda\xb2a\x806\xd3<\xecI\xaf)\x11PJ)\x09\xc8!t\xdd\x7f\x17\xd8Ba\xc2,\xefg\xb96\x94\xafI\x89\x18\x1c\xa2f\x95\x1b\x1b\x04#\x95\xd4\xe5\xe4T\xf9#z\xf5\xcf\xcb\x86\xaf\xac\xd1\xfcE\x1f\xc2E\xde)\xed\xf4\xadw6\xbd\xe0p)\x82Z\x96\xafC&\x17\x14\x11s\xc9\xd6 Br\x13\x92\x97\x89\x1a\x9a\x11\xd3\x9d\x80\xcb\x940=\xd1<\xa1+\xd2T\xcf1\x1bC\xf3\xf8Y\b\xab\xb8\xdee\xb2\x85\xdf"\xc0\xdcO\x0bH\xc4\xe8\xecR\x82\x81\x11\xbdor\xda>!\xfc\xdb\xa2\x9c\xce\x82\xd0\x0a\x9fa\x8bj\x90\xc1?<\xee\xf8\x8f\xc9\xcd~\x91\x97In\xe7\x90D\xa14\xa7\x17n\xc19\x81\x06\xe1\xfb\xe10\x95\x1a\xa1t\x86\x05G\x8e\xad\xa5\xe8%\xd7\xdd\xb5\xc95\xab\xba"\xc7l\xcb\x81\xa2|\x099\x99\x93E\xbc\xd4\x8a\xaaof\x1bM\xa7\x9e\x99\x18|\x82L\xea2\x84\x97\x84\x01J\xfb\xe3\xa0\xd9)NHH\x82\x(\xd4Y\xa1@\xfb\xdf\xaf\x0e\x16\x81\x92\xf2R;1\x06a\x90\x9ez\xa7\x80\xfa\xd86\xa5\xc9\xe5e\xf6\xbc\x0c}\xc6\xa9\xb6\x9f\xc2[\x1d+\x82\x1a\x04\xc7\xba\xccu\xad\xc6\x88\xe8H\x9fJ\xe0\xcdQ&2\x04+Z\xa7\x82_w\x9f\x8c\xdb~STt`\xab\x92\xfd\xf1\xeb\x11#\xc8D\x9c\xa5_\x9ax\xc6\xf7\xb5\x1b3_w\x88\xed\x0eA[H4gH\x12\xcb~\x16\x9d|\xcd\xe3>\xd2\xfd\x95Q\xb959\x0cj\x83\xce\xbf\x07\xac\xd7\xbfF\xbb\xb1\xfb@\x9aa\xce\xc5\xab\x81k\xc4\x85\x92\x97\x1f\xdc\xa7|O\x7f\xb9\xac\xef\xdc\x84\x9c\xbf\xa8\xba\xd5\x99\xc0\xdb\K\xadg\xe3\x0e\xc3p\xb2\x14\xf0\xcd\xd0Q\xf1\xb9\xe3\x92\xa9R\xfa\xe8\x95\xbf\x94\xa8\x88O\xa0\x9a,\x9b\x0dS\xbb\xa1=]\x96\x84M,-\xd8\xb4A\x0b$\xc5\xcf\x0d\x98\x87=9\xe7\xeb`AI\xdbw{M\xbd\xf0\xae\x9d#\x9f\xb7D/\xcfE\xd4d^\xc66p\xd7\xf0;\xc0\xd0%\xa5c\xb5K\xb4\xb0\xa0\x07\x7f\xc4R{\x8a\x03\xce\x14\x97:\xc1\\xe7\xb2D\x83\xc1\xb0\xd3\xaby\x08fk\xb6\x93\x8f\xa3\x17\xf8L\xc9\xeb\xe5\xef\xf1\xf92a\x8a\x83\xb5[\x97\x8b\x17\xf6\xb2<#\xca\xe6\x18\xc2\xb11\xab\x0e\xb1\xde]C\x06\xce\xaez\x16\x91\x18\x0a\x13\x8c\x8f\xbf\xf8D4UP4%\x8aQ\xe5\xc7\x162\x0bB\xa2pJ\xa2\x8ei\xfe\x92>\xfb&:)~\xb1'M\xa4\x1ce\xcf\xc1\xc0-\xfd\x9fz\xb5\xa6\x81-\xb3&\xf9\xba\x18=\xc7\xd2\xfa'\x16\xf8\xc3\x89c\xce\x08.\xb3\x0f\xff&\xa1~\xf5\xc6\x94\xae\x11\xe3\xf7\x80\x085\x8e\xd1\xb9[2\x02\xbd\x8b\x8b\x8c\x16\xb2e\\xa9*\x8cp\xbb\x84\xecu\xbe\x94b\xea\xc9PZ\xe7\x81a>K\xac4f\xa5\x9c!\xfe\xfcI7\xad\x11\x17\x08ET\xbf&\xd2\x9d\xef\xbfg\xf1\xda\x10l\xf2\xabDQ\x8f\xcd\x0e\xabC\xb1\x9d\x91\xef5\x8b\xd6\xa8\xd6\xefm\x13\xd9&ihL\xa1\xf8\xa7\xed\x15\xac\xb2\xa8\xc9\xa9\x97\x19m=\xd3\xe9SA`\xdf\xcf\xa4\xa9R\xb1\x0b\xc3\xae\x9f\x1b,2\xf9\x90\xb7\xec\x84\xa6\x0d\xc4\x07\xa2\x14\x85\xbf\xff\xfcGu\xad\x1c\xe4A\xa5\xba\x83u\x0eT\x82\x10\xa2\xb4\xdf\xdbQ#\xb4\x8bU\x13k\xf3\x1a-Qjy\x18c(\x85\xc2\x94\xf1Am\x10b\x08\x8ea\xbb\xdcY\xfb\xe1\xae\xe5O\xa7\xc0\x96Q\x1a\xe8\x06\xb7\xb8\x98/\x03T\xd4)\x8d\xed\x9b\x86F\x82\x0a\xbe\x80\x80qa\xf9\xc2Z41)\x02\xa6\xa4\x90\xbc\x8a` \xf7(\xc3\x89\xe5\x064,\xe4\xfb\x91\xdb\xc2\x0a\x13\xcb\xe0\x80}\x1c\xc3\x19P\x16\xe5\x9bc\x02\xad"\xa4Y\x14\x9e\x85\x1b\x92\xbc\x9c\xe9\xacU\xf3]
facefish_rootkit_message T[orig_h=192.168.2.20, orig_p=43450/tcp, resp_h=176.111.174.26, resp_p=443/tcp][payload_len=8, command=514, crc32_payload=2984358853, payload=L\x92H\xb8\xd4\xdd'\x0e]
